[hzaaqfkbv26lja4ugn7qxg.on.drv.tw/My portfolio/index.html]
[hzaaqfkbv26lja4ugn7qxg.on.drv.tw/My portfolio/style.css]
[hzaaqfkbv26lja4ugn7qxg.on.drv.tw/My portfolio/shifa.png]
[backblue.gif]
[fade.gif]
[index.html]
[cdnjs.cloudflare.com/ajax/libs/font-awesome/4.7.0/css/font-awesome.min.css]
[hzaaqfkbv26lja4ugn7qxg.on.drv.tw/My portfolio/projects.html]
[hzaaqfkbv26lja4ugn7qxg.on.drv.tw/My portfolio/port.html]
[hzaaqfkbv26lja4ugn7qxg.on.drv.tw/My portfolio/script.js]
[hzaaqfkbv26lja4ugn7qxg.on.drv.tw/My portfolio/index.html]
[www.drv.tw/inc/wdbe9a.js]
[hzaaqfkbv26lja4ugn7qxg.on.drv.tw/My portfolio/style.css]
[hzaaqfkbv26lja4ugn7qxg.on.drv.tw/My portfolio/shifa.html]
[cdnjs.cloudflare.com/ajax/libs/font-awesome/4.7.0/css/font-awesome.min.css]
[hzaaqfkbv26lja4ugn7qxg.on.drv.tw/My portfolio/projects.css]
[hzaaqfkbv26lja4ugn7qxg.on.drv.tw/My portfolio/projects.html]
[hzaaqfkbv26lja4ugn7qxg.on.drv.tw/My portfolio/port.css]
[hzaaqfkbv26lja4ugn7qxg.on.drv.tw/My portfolio/port.html]
[hzaaqfkbv26lja4ugn7qxg.on.drv.tw/My portfolio/projects.css]
[hzaaqfkbv26lja4ugn7qxg.on.drv.tw/My portfolio/port.css]
